// Jest Snapshot v1, https://goo.gl/fbAQLP

exports[`Tests for the RegisterForm component Component matches snapshot 1`] = `
<div>
  <form
    id="FORM_ID"
  >
    <h2
      class="sc-fMiknA eHwdYc"
    >
      Register
    </h2>
    
    <label
      class="sc-iAyFgw fQEosV"
      for="textInput__Email"
    >
      Email
    </label>
    <input
      class="sc-hSdWYo fjzKFm"
      id="textInput__Email"
      name="email"
      type="text"
      value=""
    />
    <label
      class="sc-iAyFgw fQEosV"
      for="textInput__Password"
    >
      Password
    </label>
    <input
      class="sc-hSdWYo fjzKFm"
      id="textInput__Password"
      name="password"
      type="text"
      value=""
    />
    <label
      class="sc-iAyFgw fQEosV"
      for="textInput__First Name"
    >
      First Name
    </label>
    <input
      class="sc-hSdWYo fjzKFm"
      id="textInput__First Name"
      name="firstName"
      type="text"
      value=""
    />
    <label
      class="sc-iAyFgw fQEosV"
      for="textInput__Last Name"
    >
      Last Name
    </label>
    <input
      class="sc-hSdWYo fjzKFm"
      id="textInput__Last Name"
      name="lastName"
      type="text"
      value=""
    />
  </form>
</div>
`;
