// Jest Snapshot v1, https://goo.gl/fbAQLP

exports[`Tests for the OrForm component Component matches snapshot 1`] = `
<div>
  <div
    class="sc-hzDkRC fjJNAb"
  >
    <div
      class="sc-jhAzac dLhCdB"
    >
      <form
        title="LF_TITLE"
      />
    </div>
    <div
      class="sc-fBuWsC dAloEz"
    >
      <div
        class="sc-bwzfXH jElIFP"
      >
        <button
          class="sc-bxivhb kZMPJz"
          form="LEFT_FORM"
          type="submit"
        >
          LEFT_BTN
        </button>
        <span
          class="sc-htpNat fEbLPN"
        >
          or
        </span>
        <button
          class="sc-ifAKCX ewbGBU"
          form="RIGHT_FORM"
          type="button"
        >
          RIGHT_BTN
        </button>
      </div>
    </div>
  </div>
</div>
`;
