// Jest Snapshot v1, https://goo.gl/fbAQLP

exports[`Tests for the CreateProject component Component matches snapshot 1`] = `
<div>
  <div>
    Create Project...
    <div
      class="sc-bRBYWo bklyAT"
    >
      <form
        action="localhost:5556/project"
        method="post"
      >
        <label
          class="sc-kkGfuU eYjMeR"
          for="textInput__Project Name"
        >
          Project Name
        </label>
        <input
          class="sc-iAyFgw cEgyZf"
          id="textInput__Project Name"
          name="projectName"
          type="text"
          value=""
        />
        <label
          class="sc-jKJlTe coeBTV"
          for="selectInput__Team"
        >
          Team
        </label>
        <select
          class="sc-eNQAEJ jBckej"
          id="selectInput__Team"
          name="teamId"
        >
          <option
            value=""
          >
            &lt; Not Selected &gt;
          </option>
          <option
            value="5da4f7e39be0c7d43e05950b"
          >
            Canyon
          </option>
          <option
            value="5da4f7e39be0c7d43e05950f"
          >
            Ridge
          </option>
          <option
            value="5da4f7e39be0c7d43e059511"
          >
            Peak
          </option>
        </select>
        <div
          class="sc-hzDkRC frjYVh"
        >
          <label
            class="sc-hMqMXs bIVqTe"
            for="textArea__Description"
          >
            Description
          </label>
          <textarea
            class="sc-kEYyzF dPRCLP"
            id="textArea__Description"
            name="description"
          />
        </div>
        <button
          class="sc-bdVaJa busgcP"
          type="submit"
        >
          submit
        </button>
      </form>
    </div>
  </div>
</div>
`;
