// Jest Snapshot v1, https://goo.gl/fbAQLP

exports[`Tests for the CreateTeam component Component matches snapshot 1`] = `
<div>
  <div>
    Create Team...
    <form
      action="localhost:5557/team"
      method="post"
    >
      <label
        class="sc-iAyFgw fQEosV"
        for="textInput__Team Name"
      >
        Team Name
      </label>
      <input
        class="sc-hSdWYo fjzKFm"
        id="textInput__Team Name"
        name="teamName"
        type="text"
        value=""
      />
      <div
        class="sc-fMiknA byHEZU"
      >
        <label
          class="sc-eNQAEJ hALvCQ"
          for="selectInput__Status"
        >
          Status
        </label>
        <select
          class="sc-hMqMXs hplJYk"
          id="selectInput__Status"
          name="status"
        >
          <option
            value=""
          >
            &lt; Not Selected &gt;
          </option>
          <option
            value="Pending"
          >
            Pending
          </option>
          <option
            value="Active"
          >
            Active
          </option>
          <option
            value="Terminated"
          >
            Terminated
          </option>
        </select>
      </div>
      <input
        type="submit"
        value="submit"
      />
    </form>
  </div>
</div>
`;
